Archive member included to satisfy reference by file (symbol)

../pong_game_bsp//libhal_bsp.a(alt_load.o)
                              ../pong_game_bsp//obj/HAL/src/crt0.o (alt_load)
../pong_game_bsp//libhal_bsp.a(alt_main.o)
                              ../pong_game_bsp//obj/HAL/src/crt0.o (alt_main)
../pong_game_bsp//libhal_bsp.a(alt_sys_init.o)
                              ../pong_game_bsp//libhal_bsp.a(alt_main.o) (alt_irq_init)
../pong_game_bsp//libhal_bsp.a(alt_dcache_flush_all.o)
                              ../pong_game_bsp//libhal_bsp.a(alt_load.o) (alt_dcache_flush_all)
../pong_game_bsp//libhal_bsp.a(alt_icache_flush_all.o)
                              ../pong_game_bsp//libhal_bsp.a(alt_load.o) (alt_icache_flush_all)
../pong_game_bsp//libhal_bsp.a(altera_nios2_gen2_irq.o)
                              ../pong_game_bsp//libhal_bsp.a(alt_sys_init.o) (altera_nios2_gen2_irq_init)

Memory Configuration

Name             Origin             Length             Attributes
reset            0x0000000000010000 0x0000000000000020
ram              0x0000000000010020 0x0000000000007fe0
*default*        0x0000000000000000 0xffffffffffffffff

Linker script and memory map

LOAD ../pong_game_bsp//obj/HAL/src/crt0.o
LOAD obj/default/hello_world_small.o
LOAD /opt/intelFPGA_lite/20.1/nios2eds/bin/gnu/H-x86_64-pc-linux-gnu/bin/../lib/gcc/nios2-elf/9.2.1/../../../../../H-x86_64-pc-linux-gnu/nios2-elf/lib/mno-hw-mul/libstdc++.a
LOAD /opt/intelFPGA_lite/20.1/nios2eds/bin/gnu/H-x86_64-pc-linux-gnu/bin/../lib/gcc/nios2-elf/9.2.1/../../../../../H-x86_64-pc-linux-gnu/nios2-elf/lib/mno-hw-mul/libm.a
LOAD /opt/intelFPGA_lite/20.1/nios2eds/bin/gnu/H-x86_64-pc-linux-gnu/bin/../lib/gcc/nios2-elf/9.2.1/mno-hw-mul/libgcc.a
START GROUP
LOAD /opt/intelFPGA_lite/20.1/nios2eds/bin/gnu/H-x86_64-pc-linux-gnu/bin/../lib/gcc/nios2-elf/9.2.1/../../../../../H-x86_64-pc-linux-gnu/nios2-elf/lib/mno-hw-mul/libsmallc.a
LOAD /opt/intelFPGA_lite/20.1/nios2eds/bin/gnu/H-x86_64-pc-linux-gnu/bin/../lib/gcc/nios2-elf/9.2.1/mno-hw-mul/libgcc.a
LOAD ../pong_game_bsp//libhal_bsp.a
LOAD /opt/intelFPGA_lite/20.1/nios2eds/bin/gnu/H-x86_64-pc-linux-gnu/bin/../lib/gcc/nios2-elf/9.2.1/../../../../../H-x86_64-pc-linux-gnu/nios2-elf/lib/mno-hw-mul/libm.a
END GROUP
LOAD /opt/intelFPGA_lite/20.1/nios2eds/bin/gnu/H-x86_64-pc-linux-gnu/bin/../lib/gcc/nios2-elf/9.2.1/mno-hw-mul/libgcc.a
                0x0000000000010000                __alt_mem_ram = 0x10000

.entry          0x0000000000010000       0x20
 *(.entry)
 .entry         0x0000000000010000       0x20 ../pong_game_bsp//obj/HAL/src/crt0.o
                0x0000000000010000                __reset
                0x000000000001000c                _exit

.exceptions     0x0000000000010020        0x0
                0x0000000000010020                PROVIDE (__ram_exceptions_start = ABSOLUTE (.))
                0x0000000000010020                . = ALIGN (0x20)
 *(.irq)
 *(.exceptions.entry.label)
 *(.exceptions.entry.user)
 *(.exceptions.entry.ecc_fatal)
 *(.exceptions.entry)
 *(.exceptions.irqtest.user)
 *(.exceptions.irqtest)
 *(.exceptions.irqhandler.user)
 *(.exceptions.irqhandler)
 *(.exceptions.irqreturn.user)
 *(.exceptions.irqreturn)
 *(.exceptions.notirq.label)
 *(.exceptions.notirq.user)
 *(.exceptions.notirq)
 *(.exceptions.soft.user)
 *(.exceptions.soft)
 *(.exceptions.unknown.user)
 *(.exceptions.unknown)
 *(.exceptions.exit.label)
 *(.exceptions.exit.user)
 *(.exceptions.exit)
 *(.exceptions)
                0x0000000000010020                PROVIDE (__ram_exceptions_end = ABSOLUTE (.))
                0x0000000000010020                PROVIDE (__flash_exceptions_start = LOADADDR (.exceptions))

.text           0x0000000000010020      0x1d0
                [!provide]                        PROVIDE (stext = ABSOLUTE (.))
 *(.interp)
 *(.hash)
 *(.dynsym)
 *(.dynstr)
 *(.gnu.version)
 *(.gnu.version_d)
 *(.gnu.version_r)
 *(.rel.init)
 *(.rela.init)
 *(.rel.text .rel.text.* .rel.gnu.linkonce.t.*)
 *(.rela.text .rela.text.* .rela.gnu.linkonce.t.*)
 *(.rel.fini)
 *(.rela.fini)
 *(.rel.rodata .rel.rodata.* .rel.gnu.linkonce.r.*)
 *(.rela.rodata .rela.rodata.* .rela.gnu.linkonce.r.*)
 *(.rel.data .rel.data.* .rel.gnu.linkonce.d.*)
 *(.rela.data .rela.data.* .rela.gnu.linkonce.d.*)
 *(.rel.tdata .rel.tdata.* .rel.gnu.linkonce.td.*)
 *(.rela.tdata .rela.tdata.* .rela.gnu.linkonce.td.*)
 *(.rel.tbss .rel.tbss.* .rel.gnu.linkonce.tb.*)
 *(.rela.tbss .rela.tbss.* .rela.gnu.linkonce.tb.*)
 *(.rel.ctors)
 *(.rela.ctors)
 *(.rel.dtors)
 *(.rela.dtors)
 *(.rel.got)
 *(.rela.got)
 *(.rel.sdata .rel.sdata.* .rel.gnu.linkonce.s.*)
 *(.rela.sdata .rela.sdata.* .rela.gnu.linkonce.s.*)
 *(.rel.sbss .rel.sbss.* .rel.gnu.linkonce.sb.*)
 *(.rela.sbss .rela.sbss.* .rela.gnu.linkonce.sb.*)
 *(.rel.sdata2 .rel.sdata2.* .rel.gnu.linkonce.s2.*)
 *(.rela.sdata2 .rela.sdata2.* .rela.gnu.linkonce.s2.*)
 *(.rel.sbss2 .rel.sbss2.* .rel.gnu.linkonce.sb2.*)
 *(.rela.sbss2 .rela.sbss2.* .rela.gnu.linkonce.sb2.*)
 *(.rel.bss .rel.bss.* .rel.gnu.linkonce.b.*)
 *(.rela.bss .rela.bss.* .rela.gnu.linkonce.b.*)
 *(.rel.plt)
 *(.rela.plt)
 *(.rel.dyn)
 *(.init)
 *(.plt)
 *(.text .stub .text.* .gnu.linkonce.t.*)
 .text          0x0000000000010020       0x3c ../pong_game_bsp//obj/HAL/src/crt0.o
                0x0000000000010020                _start
 .text          0x000000000001005c        0x0 obj/default/hello_world_small.o
 .text.startup  0x000000000001005c       0x80 obj/default/hello_world_small.o
                0x000000000001005c                main
 .text          0x00000000000100dc       0xb4 ../pong_game_bsp//libhal_bsp.a(alt_load.o)
                0x00000000000100dc                alt_load
 .text          0x0000000000010190       0x2c ../pong_game_bsp//libhal_bsp.a(alt_main.o)
                0x0000000000010190                alt_main
 .text          0x00000000000101bc       0x24 ../pong_game_bsp//libhal_bsp.a(alt_sys_init.o)
                0x00000000000101bc                alt_irq_init
                0x00000000000101dc                alt_sys_init
 .text          0x00000000000101e0        0x4 ../pong_game_bsp//libhal_bsp.a(alt_dcache_flush_all.o)
                0x00000000000101e0                alt_dcache_flush_all
 .text          0x00000000000101e4        0x4 ../pong_game_bsp//libhal_bsp.a(alt_icache_flush_all.o)
                0x00000000000101e4                alt_icache_flush_all
 .text          0x00000000000101e8        0x8 ../pong_game_bsp//libhal_bsp.a(altera_nios2_gen2_irq.o)
                0x00000000000101e8                altera_nios2_gen2_irq_init
 *(.gnu.warning.*)
 *(.fini)
                [!provide]                        PROVIDE (__etext = ABSOLUTE (.))
                [!provide]                        PROVIDE (_etext = ABSOLUTE (.))
                [!provide]                        PROVIDE (etext = ABSOLUTE (.))
 *(.eh_frame_hdr)
                0x00000000000101f0                . = ALIGN (0x4)
                [!provide]                        PROVIDE (__preinit_array_start = ABSOLUTE (.))
 *(.preinit_array)
                [!provide]                        PROVIDE (__preinit_array_end = ABSOLUTE (.))
                [!provide]                        PROVIDE (__init_array_start = ABSOLUTE (.))
 *(.init_array)
                [!provide]                        PROVIDE (__init_array_end = ABSOLUTE (.))
                [!provide]                        PROVIDE (__fini_array_start = ABSOLUTE (.))
 *(.fini_array)
                [!provide]                        PROVIDE (__fini_array_end = ABSOLUTE (.))
 *(.eh_frame)
 *(.gcc_except_table .gcc_except_table.*)
 *(.dynamic)
                [!provide]                        PROVIDE (__CTOR_LIST__ = ABSOLUTE (.))
 *(.ctors)
 *(SORT_BY_NAME(.ctors.*))
                [!provide]                        PROVIDE (__CTOR_END__ = ABSOLUTE (.))
                [!provide]                        PROVIDE (__DTOR_LIST__ = ABSOLUTE (.))
 *(.dtors)
 *(SORT_BY_NAME(.dtors.*))
                [!provide]                        PROVIDE (__DTOR_END__ = ABSOLUTE (.))
 *(.jcr)
                0x00000000000101f0                . = ALIGN (0x4)

.rodata         0x00000000000101f0        0x0
                0x00000000000101f0                PROVIDE (__ram_rodata_start = ABSOLUTE (.))
                0x00000000000101f0                . = ALIGN (0x4)
 *(.rodata .rodata.* .gnu.linkonce.r.*)
 *(.rodata1)
                0x00000000000101f0                . = ALIGN (0x4)
                0x00000000000101f0                PROVIDE (__ram_rodata_end = ABSOLUTE (.))
                0x00000000000101f0                PROVIDE (__flash_rodata_start = LOADADDR (.rodata))

.rwdata         0x00000000000101f0        0x4 load address 0x00000000000101f4
                0x00000000000101f0                PROVIDE (__ram_rwdata_start = ABSOLUTE (.))
                0x00000000000101f0                . = ALIGN (0x4)
 *(.got.plt)
 *(.got)
 *(.data1)
 *(.data .data.* .gnu.linkonce.d.*)
 .data          0x00000000000101f0        0x0 ../pong_game_bsp//obj/HAL/src/crt0.o
 .data          0x00000000000101f0        0x0 obj/default/hello_world_small.o
 .data          0x00000000000101f0        0x0 ../pong_game_bsp//libhal_bsp.a(alt_load.o)
 .data          0x00000000000101f0        0x0 ../pong_game_bsp//libhal_bsp.a(alt_main.o)
 .data          0x00000000000101f0        0x0 ../pong_game_bsp//libhal_bsp.a(alt_sys_init.o)
 .data          0x00000000000101f0        0x0 ../pong_game_bsp//libhal_bsp.a(alt_dcache_flush_all.o)
 .data          0x00000000000101f0        0x0 ../pong_game_bsp//libhal_bsp.a(alt_icache_flush_all.o)
 .data          0x00000000000101f0        0x0 ../pong_game_bsp//libhal_bsp.a(altera_nios2_gen2_irq.o)
                0x00000000000181f0                _gp = ABSOLUTE ((. + 0x8000))
                [!provide]                        PROVIDE (gp = _gp)
 *(.rwdata .rwdata.*)
 *(.sdata .sdata.* .gnu.linkonce.s.*)
 .sdata         0x00000000000101f0        0x4 ../pong_game_bsp//libhal_bsp.a(alt_sys_init.o)
                0x00000000000101f0                jtag
 *(.sdata2 .sdata2.* .gnu.linkonce.s2.*)
                0x00000000000101f4                . = ALIGN (0x4)
                0x00000000000101f4                _edata = ABSOLUTE (.)
                [!provide]                        PROVIDE (edata = ABSOLUTE (.))
                0x00000000000101f4                PROVIDE (__ram_rwdata_end = ABSOLUTE (.))
                0x00000000000101f4                PROVIDE (__flash_rwdata_start = LOADADDR (.rwdata))

.bss            0x00000000000101f8        0xc
                0x00000000000101f8                __bss_start = ABSOLUTE (.)
                [!provide]                        PROVIDE (__sbss_start = ABSOLUTE (.))
                [!provide]                        PROVIDE (___sbss_start = ABSOLUTE (.))
 *(.dynsbss)
 *(.sbss .sbss.* .gnu.linkonce.sb.*)
 .sbss          0x00000000000101f8        0xc ../pong_game_bsp//libhal_bsp.a(alt_main.o)
                0x00000000000101f8                alt_envp
                0x00000000000101fc                alt_argv
                0x0000000000010200                alt_argc
 *(.sbss2 .sbss2.* .gnu.linkonce.sb2.*)
 *(.scommon)
                [!provide]                        PROVIDE (__sbss_end = ABSOLUTE (.))
                [!provide]                        PROVIDE (___sbss_end = ABSOLUTE (.))
 *(.dynbss)
 *(.bss .bss.* .gnu.linkonce.b.*)
 .bss           0x0000000000010204        0x0 ../pong_game_bsp//obj/HAL/src/crt0.o
 .bss           0x0000000000010204        0x0 obj/default/hello_world_small.o
 .bss           0x0000000000010204        0x0 ../pong_game_bsp//libhal_bsp.a(alt_load.o)
 .bss           0x0000000000010204        0x0 ../pong_game_bsp//libhal_bsp.a(alt_main.o)
 .bss           0x0000000000010204        0x0 ../pong_game_bsp//libhal_bsp.a(alt_sys_init.o)
 .bss           0x0000000000010204        0x0 ../pong_game_bsp//libhal_bsp.a(alt_dcache_flush_all.o)
 .bss           0x0000000000010204        0x0 ../pong_game_bsp//libhal_bsp.a(alt_icache_flush_all.o)
 .bss           0x0000000000010204        0x0 ../pong_game_bsp//libhal_bsp.a(altera_nios2_gen2_irq.o)
 *(COMMON)
                0x0000000000010204                . = ALIGN (0x4)
                0x0000000000010204                __bss_end = ABSOLUTE (.)

.ram            0x0000000000010204        0x0
                [!provide]                        PROVIDE (_alt_partition_ram_start = ABSOLUTE (.))
 *(.ram .ram. ram.*)
                0x0000000000010204                . = ALIGN (0x4)
                [!provide]                        PROVIDE (_alt_partition_ram_end = ABSOLUTE (.))
                0x0000000000010204                _end = ABSOLUTE (.)
                0x0000000000010204                end = ABSOLUTE (.)
                0x0000000000010204                __alt_stack_base = ABSOLUTE (.)
                [!provide]                        PROVIDE (_alt_partition_ram_load_addr = LOADADDR (.ram))

.stab
 *(.stab)

.stabstr
 *(.stabstr)

.stab.excl
 *(.stab.excl)

.stab.exclstr
 *(.stab.exclstr)

.stab.index
 *(.stab.index)

.stab.indexstr
 *(.stab.indexstr)

.comment        0x0000000000000000       0x2c
 *(.comment)
 .comment       0x0000000000000000       0x2c obj/default/hello_world_small.o
                                         0x2d (size before relaxing)
 .comment       0x000000000000002c       0x2d ../pong_game_bsp//libhal_bsp.a(alt_load.o)
 .comment       0x000000000000002c       0x2d ../pong_game_bsp//libhal_bsp.a(alt_main.o)
 .comment       0x000000000000002c       0x2d ../pong_game_bsp//libhal_bsp.a(alt_sys_init.o)
 .comment       0x000000000000002c       0x2d ../pong_game_bsp//libhal_bsp.a(alt_dcache_flush_all.o)
 .comment       0x000000000000002c       0x2d ../pong_game_bsp//libhal_bsp.a(alt_icache_flush_all.o)
 .comment       0x000000000000002c       0x2d ../pong_game_bsp//libhal_bsp.a(altera_nios2_gen2_irq.o)

.debug
 *(.debug)

.line
 *(.line)

.debug_srcinfo
 *(.debug_srcinfo)

.debug_sfnames
 *(.debug_sfnames)

.debug_aranges  0x0000000000000000      0x108
 *(.debug_aranges)
 .debug_aranges
                0x0000000000000000       0x28 ../pong_game_bsp//obj/HAL/src/crt0.o
 .debug_aranges
                0x0000000000000028       0x20 obj/default/hello_world_small.o
 .debug_aranges
                0x0000000000000048       0x20 ../pong_game_bsp//libhal_bsp.a(alt_load.o)
 .debug_aranges
                0x0000000000000068       0x20 ../pong_game_bsp//libhal_bsp.a(alt_main.o)
 .debug_aranges
                0x0000000000000088       0x20 ../pong_game_bsp//libhal_bsp.a(alt_sys_init.o)
 .debug_aranges
                0x00000000000000a8       0x20 ../pong_game_bsp//libhal_bsp.a(alt_dcache_flush_all.o)
 .debug_aranges
                0x00000000000000c8       0x20 ../pong_game_bsp//libhal_bsp.a(alt_icache_flush_all.o)
 .debug_aranges
                0x00000000000000e8       0x20 ../pong_game_bsp//libhal_bsp.a(altera_nios2_gen2_irq.o)

.debug_pubnames
 *(.debug_pubnames)

.debug_info     0x0000000000000000     0x417c
 *(.debug_info .gnu.linkonce.wi.*)
 .debug_info    0x0000000000000000       0x22 ../pong_game_bsp//obj/HAL/src/crt0.o
 .debug_info    0x0000000000000022      0x19e obj/default/hello_world_small.o
 .debug_info    0x00000000000001c0      0xaed ../pong_game_bsp//libhal_bsp.a(alt_load.o)
 .debug_info    0x0000000000000cad      0xeb0 ../pong_game_bsp//libhal_bsp.a(alt_main.o)
 .debug_info    0x0000000000001b5d      0xa62 ../pong_game_bsp//libhal_bsp.a(alt_sys_init.o)
 .debug_info    0x00000000000025bf      0x934 ../pong_game_bsp//libhal_bsp.a(alt_dcache_flush_all.o)
 .debug_info    0x0000000000002ef3      0x934 ../pong_game_bsp//libhal_bsp.a(alt_icache_flush_all.o)
 .debug_info    0x0000000000003827      0x955 ../pong_game_bsp//libhal_bsp.a(altera_nios2_gen2_irq.o)

.debug_abbrev   0x0000000000000000      0xdbd
 *(.debug_abbrev)
 .debug_abbrev  0x0000000000000000       0x12 ../pong_game_bsp//obj/HAL/src/crt0.o
 .debug_abbrev  0x0000000000000012       0xc4 obj/default/hello_world_small.o
 .debug_abbrev  0x00000000000000d6      0x277 ../pong_game_bsp//libhal_bsp.a(alt_load.o)
 .debug_abbrev  0x000000000000034d      0x252 ../pong_game_bsp//libhal_bsp.a(alt_main.o)
 .debug_abbrev  0x000000000000059f      0x279 ../pong_game_bsp//libhal_bsp.a(alt_sys_init.o)
 .debug_abbrev  0x0000000000000818      0x1e0 ../pong_game_bsp//libhal_bsp.a(alt_dcache_flush_all.o)
 .debug_abbrev  0x00000000000009f8      0x1e0 ../pong_game_bsp//libhal_bsp.a(alt_icache_flush_all.o)
 .debug_abbrev  0x0000000000000bd8      0x1e5 ../pong_game_bsp//libhal_bsp.a(altera_nios2_gen2_irq.o)

.debug_line     0x0000000000000000      0xdd9
 *(.debug_line)
 .debug_line    0x0000000000000000       0x66 ../pong_game_bsp//obj/HAL/src/crt0.o
 .debug_line    0x0000000000000066      0x16f obj/default/hello_world_small.o
 .debug_line    0x00000000000001d5      0x270 ../pong_game_bsp//libhal_bsp.a(alt_load.o)
 .debug_line    0x0000000000000445      0x325 ../pong_game_bsp//libhal_bsp.a(alt_main.o)
 .debug_line    0x000000000000076a      0x201 ../pong_game_bsp//libhal_bsp.a(alt_sys_init.o)
 .debug_line    0x000000000000096b      0x194 ../pong_game_bsp//libhal_bsp.a(alt_dcache_flush_all.o)
 .debug_line    0x0000000000000aff      0x192 ../pong_game_bsp//libhal_bsp.a(alt_icache_flush_all.o)
 .debug_line    0x0000000000000c91      0x148 ../pong_game_bsp//libhal_bsp.a(altera_nios2_gen2_irq.o)

.debug_frame    0x0000000000000000      0x11c
 *(.debug_frame)
 .debug_frame   0x0000000000000000       0x24 obj/default/hello_world_small.o
 .debug_frame   0x0000000000000024       0x30 ../pong_game_bsp//libhal_bsp.a(alt_load.o)
 .debug_frame   0x0000000000000054       0x2c ../pong_game_bsp//libhal_bsp.a(alt_main.o)
 .debug_frame   0x0000000000000080       0x3c ../pong_game_bsp//libhal_bsp.a(alt_sys_init.o)
 .debug_frame   0x00000000000000bc       0x20 ../pong_game_bsp//libhal_bsp.a(alt_dcache_flush_all.o)
 .debug_frame   0x00000000000000dc       0x20 ../pong_game_bsp//libhal_bsp.a(alt_icache_flush_all.o)
 .debug_frame   0x00000000000000fc       0x20 ../pong_game_bsp//libhal_bsp.a(altera_nios2_gen2_irq.o)

.debug_str      0x0000000000000000      0x9e8
 *(.debug_str)
 .debug_str     0x0000000000000000       0x5f ../pong_game_bsp//obj/HAL/src/crt0.o
 .debug_str     0x000000000000005f      0x17a obj/default/hello_world_small.o
                                        0x1bf (size before relaxing)
 .debug_str     0x00000000000001d9      0x4ce ../pong_game_bsp//libhal_bsp.a(alt_load.o)
                                        0x62c (size before relaxing)
 .debug_str     0x00000000000006a7      0x22e ../pong_game_bsp//libhal_bsp.a(alt_main.o)
                                        0x7de (size before relaxing)
 .debug_str     0x00000000000008d5       0xb5 ../pong_game_bsp//libhal_bsp.a(alt_sys_init.o)
                                        0x61e (size before relaxing)
 .debug_str     0x000000000000098a       0x1f ../pong_game_bsp//libhal_bsp.a(alt_dcache_flush_all.o)
                                        0x545 (size before relaxing)
 .debug_str     0x00000000000009a9       0x1f ../pong_game_bsp//libhal_bsp.a(alt_icache_flush_all.o)
                                        0x545 (size before relaxing)
 .debug_str     0x00000000000009c8       0x20 ../pong_game_bsp//libhal_bsp.a(altera_nios2_gen2_irq.o)
                                        0x559 (size before relaxing)

.debug_loc      0x0000000000000000      0x127
 *(.debug_loc)
 .debug_loc     0x0000000000000000       0x9c obj/default/hello_world_small.o
 .debug_loc     0x000000000000009c       0x66 ../pong_game_bsp//libhal_bsp.a(alt_load.o)
 .debug_loc     0x0000000000000102       0x25 ../pong_game_bsp//libhal_bsp.a(alt_sys_init.o)

.debug_macinfo
 *(.debug_macinfo)

.debug_weaknames
 *(.debug_weaknames)

.debug_funcnames
 *(.debug_funcnames)

.debug_typenames
 *(.debug_typenames)

.debug_varnames
 *(.debug_varnames)

.debug_alt_sim_info
                0x0000000000000000       0x10
 *(.debug_alt_sim_info)
 .debug_alt_sim_info
                0x0000000000000000       0x10 ../pong_game_bsp//obj/HAL/src/crt0.o
                0x0000000000018000                __alt_data_end = 0x18000
                0x0000000000018000                PROVIDE (__alt_stack_pointer = __alt_data_end)
                [!provide]                        PROVIDE (__alt_stack_limit = __alt_stack_base)
                [!provide]                        PROVIDE (__alt_heap_start = end)
                [!provide]                        PROVIDE (__alt_heap_limit = 0x18000)
OUTPUT(pong_game.elf elf32-littlenios2)

.debug_ranges   0x0000000000000000       0xf0
 .debug_ranges  0x0000000000000000       0x20 ../pong_game_bsp//obj/HAL/src/crt0.o
 .debug_ranges  0x0000000000000020       0x30 obj/default/hello_world_small.o
 .debug_ranges  0x0000000000000050       0xa0 ../pong_game_bsp//libhal_bsp.a(alt_load.o)
